// Jest Snapshot v1, https://goo.gl/fbAQLP

exports[`components > Counter renders without crashing 1`] = `
<DocumentFragment>
  <div
    class="sc-5ea76c0a-0 eGaJyP"
  >
    <h2
      class="sc-5ea76c0a-1 eyUEgv"
    >
      Sync counter
    </h2>
    <button
      class="sc-5ea76c0a-2 cPGKef"
    >
      Increment by one
    </button>
    <div>
      Total value: 
      <strong>
        6
      </strong>
    </div>
  </div>
</DocumentFragment>
`;
